// Jest Snapshot v1, https://goo.gl/fbAQLP

exports[`NewPoll should render the component 1`] = `
Object {
  "asFragment": [Function],
  "baseElement": <body>
    <div>
      <div>
        <h1
          class=" text-4xl text-center"
        >
          New Poll
        </h1>
        <form
          class=""
        >
          <div
            class=" flex flex-col"
          >
            <label
              class=" text-xl py-4"
              data-testid="firstOptionLabel"
              for="firstOption"
            >
              First Option
            </label>
            <input
              class="input w-full border-2 border-slate-500"
              data-testid="firstOption"
              id="firstOption"
              name="firstOption"
              type="text"
              value=""
            />
          </div>
          <div
            class=" flex flex-col"
          >
            <label
              class=" text-xl py-4"
              data-testid="secondOptionLabel"
              for="secondOption"
            >
              Second Option
            </label>
            <input
              class="input w-full border-2 border-slate-500"
              data-testid="secondOption"
              id="secondOption"
              name="secondOption"
              type="text"
              value=""
            />
          </div>
          <button
            class="btn mt-6"
            data-testid="submit-poll"
            type="submit"
          >
            Add Poll
          </button>
        </form>
      </div>
    </div>
  </body>,
  "container": <div>
    <div>
      <h1
        class=" text-4xl text-center"
      >
        New Poll
      </h1>
      <form
        class=""
      >
        <div
          class=" flex flex-col"
        >
          <label
            class=" text-xl py-4"
            data-testid="firstOptionLabel"
            for="firstOption"
          >
            First Option
          </label>
          <input
            class="input w-full border-2 border-slate-500"
            data-testid="firstOption"
            id="firstOption"
            name="firstOption"
            type="text"
            value=""
          />
        </div>
        <div
          class=" flex flex-col"
        >
          <label
            class=" text-xl py-4"
            data-testid="secondOptionLabel"
            for="secondOption"
          >
            Second Option
          </label>
          <input
            class="input w-full border-2 border-slate-500"
            data-testid="secondOption"
            id="secondOption"
            name="secondOption"
            type="text"
            value=""
          />
        </div>
        <button
          class="btn mt-6"
          data-testid="submit-poll"
          type="submit"
        >
          Add Poll
        </button>
      </form>
    </div>
  </div>,
  "debug": [Function],
  "findAllByAltText": [Function],
  "findAllByDisplayValue": [Function],
  "findAllByLabelText": [Function],
  "findAllByPlaceholderText": [Function],
  "findAllByRole": [Function],
  "findAllByTestId": [Function],
  "findAllByText": [Function],
  "findAllByTitle": [Function],
  "findByAltText": [Function],
  "findByDisplayValue": [Function],
  "findByLabelText": [Function],
  "findByPlaceholderText": [Function],
  "findByRole": [Function],
  "findByTestId": [Function],
  "findByText": [Function],
  "findByTitle": [Function],
  "getAllByAltText": [Function],
  "getAllByDisplayValue": [Function],
  "getAllByLabelText": [Function],
  "getAllByPlaceholderText": [Function],
  "getAllByRole": [Function],
  "getAllByTestId": [Function],
  "getAllByText": [Function],
  "getAllByTitle": [Function],
  "getByAltText": [Function],
  "getByDisplayValue": [Function],
  "getByLabelText": [Function],
  "getByPlaceholderText": [Function],
  "getByRole": [Function],
  "getByTestId": [Function],
  "getByText": [Function],
  "getByTitle": [Function],
  "queryAllByAltText": [Function],
  "queryAllByDisplayValue": [Function],
  "queryAllByLabelText": [Function],
  "queryAllByPlaceholderText": [Function],
  "queryAllByRole": [Function],
  "queryAllByTestId": [Function],
  "queryAllByText": [Function],
  "queryAllByTitle": [Function],
  "queryByAltText": [Function],
  "queryByDisplayValue": [Function],
  "queryByLabelText": [Function],
  "queryByPlaceholderText": [Function],
  "queryByRole": [Function],
  "queryByTestId": [Function],
  "queryByText": [Function],
  "queryByTitle": [Function],
  "rerender": [Function],
  "unmount": [Function],
}
`;
